10/19/2024 10:49:17 AM	This log contains information about the import schema operation into project 'PMRdbProj' on computer 'EJVIDSYS' by user 'micro'.
10/19/2024 10:49:17 AM	Import of database schema has started.
10/19/2024 10:49:20 AM	Gathering database credentials
10/19/2024 10:49:20 AM	Gathering database options
10/19/2024 10:49:20 AM	Gathering generic database scoped configuration option
10/19/2024 10:49:20 AM	Gathering users
10/19/2024 10:49:20 AM	Gathering roles
10/19/2024 10:49:20 AM	Gathering application roles
10/19/2024 10:49:20 AM	Gathering role memberships
10/19/2024 10:49:20 AM	Gathering filegroups
10/19/2024 10:49:20 AM	Gathering full-text catalogs
10/19/2024 10:49:20 AM	Gathering assemblies
10/19/2024 10:49:20 AM	Gathering certificates
10/19/2024 10:49:20 AM	Gathering asymmetric keys
10/19/2024 10:49:20 AM	Gathering symmetric keys
10/19/2024 10:49:20 AM	Gathering encrypted symmetric keys
10/19/2024 10:49:20 AM	Gathering schemas
10/19/2024 10:49:20 AM	Gathering XML schema collections
10/19/2024 10:49:20 AM	Gathering user-defined data types
10/19/2024 10:49:20 AM	Gathering user-defined types
10/19/2024 10:49:20 AM	Gathering table types
10/19/2024 10:49:20 AM	Gathering unique keys for table types
10/19/2024 10:49:20 AM	Gathering primary keys for table types
10/19/2024 10:49:20 AM	Gathering indexes for table types
10/19/2024 10:49:20 AM	Gathering check constraints for table types
10/19/2024 10:49:20 AM	Gathering default constraints for table types
10/19/2024 10:49:20 AM	Gathering partition functions
10/19/2024 10:49:20 AM	Gathering partition schemes
10/19/2024 10:49:20 AM	Gathering functions
10/19/2024 10:49:20 AM	Gathering encrypted functions
10/19/2024 10:49:20 AM	Gathering aggregates
10/19/2024 10:49:20 AM	Gathering procedures
10/19/2024 10:49:20 AM	Gathering encrypted procedures
10/19/2024 10:49:20 AM	Gathering tables
10/19/2024 10:49:20 AM	Gathering primary keys
10/19/2024 10:49:20 AM	Gathering unique constraints
10/19/2024 10:49:20 AM	Gathering foreign keys
10/19/2024 10:49:20 AM	Gathering default constraints
10/19/2024 10:49:20 AM	Gathering check constraints
10/19/2024 10:49:20 AM	Gathering views
10/19/2024 10:49:20 AM	Gathering encrypted views
10/19/2024 10:49:20 AM	Gathering indexes
10/19/2024 10:49:20 AM	Gathering statistics
10/19/2024 10:49:20 AM	Gathering full-text index stoplists
10/19/2024 10:49:20 AM	Gathering search property lists
10/19/2024 10:49:20 AM	Gathering search properties
10/19/2024 10:49:20 AM	Gathering full-text indexes
10/19/2024 10:49:20 AM	Gathering column store indexes
10/19/2024 10:49:20 AM	Gathering spatial indexes
10/19/2024 10:49:20 AM	Gathering XML indexes
10/19/2024 10:49:20 AM	Gathering Selective XML indexes
10/19/2024 10:49:20 AM	Gathering encrypted triggers
10/19/2024 10:49:20 AM	Gathering triggers
10/19/2024 10:49:20 AM	Gathering encrypted and clr ddl triggers
10/19/2024 10:49:20 AM	Gathering ddl triggers
10/19/2024 10:49:20 AM	Creating edge constraints
10/19/2024 10:49:20 AM	Gathering synonyms
10/19/2024 10:49:20 AM	Gathering defaults
10/19/2024 10:49:20 AM	Gathering data constraint uddt bindings
10/19/2024 10:49:20 AM	Gathering rules
10/19/2024 10:49:20 AM	Gathering data constraint uddt bindings
10/19/2024 10:49:20 AM	Gathering message types
10/19/2024 10:49:20 AM	Gathering queues
10/19/2024 10:49:20 AM	Gathering contracts
10/19/2024 10:49:20 AM	Gathering services
10/19/2024 10:49:20 AM	Gathering event notifications
10/19/2024 10:49:20 AM	Gathering remote service bindings
10/19/2024 10:49:20 AM	Gathering broker priorities
10/19/2024 10:49:20 AM	Gathering signatures
10/19/2024 10:49:20 AM	Gathering compression options
10/19/2024 10:49:20 AM	Gathering sequence types
10/19/2024 10:49:20 AM	Gathering security policies
10/19/2024 10:49:20 AM	Gather column encryption keys
10/19/2024 10:49:20 AM	Gathering column master keys
10/19/2024 10:49:20 AM	Gathering external data sources
10/19/2024 10:49:20 AM	Gathering external file formats
10/19/2024 10:49:20 AM	Gathering external tables
10/19/2024 10:49:20 AM	Gathering XML index compression options
10/19/2024 10:49:20 AM	Gathering extended properties
10/19/2024 10:49:20 AM	Gathering assemblies
10/19/2024 10:49:20 AM	Gathering credentials
10/19/2024 10:49:20 AM	Gathering logins
10/19/2024 10:49:20 AM	Gathering server audits
10/19/2024 10:49:20 AM	Finished importing database.
10/19/2024 10:49:20 AM	A summary of the import was saved to the following location: E:\Projects\Medical Records\PMRdbProj\Import Schema Logs\PMRdbProj_20241019034917.log
10/19/2024 10:49:20 AM	Click Finish to continue...
